[0m15:21:32.497756 [debug] [MainThread]: Sending event: {'category': 'dbt', 'action': 'invocation', 'label': 'start', 'context': [<snowplow_tracker.self_describing_json.SelfDescribingJson object at 0x000001E9A2897860>, <snowplow_tracker.self_describing_json.SelfDescribingJson object at 0x000001E9A0D21520>, <snowplow_tracker.self_describing_json.SelfDescribingJson object at 0x000001E9A0D22720>]}


============================== 15:21:32.510981 | f0d94c2f-8848-474d-92a4-fbd1bb557c8d ==============================
[0m15:21:32.510981 [info ] [MainThread]: Running with dbt=1.12.5
[0m15:21:32.511933 [debug] [MainThread]: running dbt with arguments {'static_parser': 'True', 'no_print': 'None', 'version_check': 'True', 'warn_error_options': 'WarnErrorOptionsV2(error=[], warn=[], silence=[])', 'target_path': 'None', 'maximum_seed_size_mib': '1', 'printer_width': '80', 'write_json': 'True', 'empty': 'None', 'log_cache_events': 'False', 'introspect': 'True', 'cache_selected_only': 'False', 'log_format': 'default', 'debug': 'False', 'fail_fast': 'False', 'profiles_dir': 'C:\\Users\\Alienware\\.dbt', 'send_anonymous_usage_stats': 'True', 'quiet': 'False', 'warn_error': 'None', 'partial_parse': 'True', 'indirect_selection': 'eager', 'hints_enabled': 'True', 'invocation_command': 'dbt init dbt_analytics', 'use_experimental_parser': 'False', 'use_colors': 'True', 'log_path': 'logs'}
[0m15:21:32.596759 [info ] [MainThread]: Creating dbt configuration folder at C:\Users\Alienware\.dbt
[0m15:21:32.605100 [debug] [MainThread]: Starter project path: C:\Users\Alienware\projeto-engenharia-dados\venv\Lib\site-packages\dbt\include\starter_project
[0m15:21:32.638047 [info ] [MainThread]: Setting up your profile.
[0m15:23:35.346000 [info ] [MainThread]: Profile dbt_analytics written to C:\Users\Alienware\.dbt\profiles.yml using target's profile_template.yml and your supplied values.
[0m15:23:35.346000 [info ] [MainThread]: Running dbt debug to validate the project...
[0m15:23:35.359808 [info ] [MainThread]: dbt version: 1.12.5
[0m15:23:35.360565 [info ] [MainThread]: python version: 3.12.10
[0m15:23:35.360565 [info ] [MainThread]: python path: C:\Users\Alienware\projeto-engenharia-dados\venv\Scripts\python.exe
[0m15:23:35.361400 [info ] [MainThread]: os info: Windows-11-10.0.26200-SP0
[0m15:23:35.408488 [info ] [MainThread]: Using profiles dir at C:\Users\Alienware\.dbt
[0m15:23:35.409489 [info ] [MainThread]: Using profiles.yml file at C:\Users\Alienware\.dbt\profiles.yml
[0m15:23:35.409489 [info ] [MainThread]: Using dbt_project.yml file at C:\Users\Alienware\projeto-engenharia-dados\dbt_analytics\dbt_project.yml
[0m15:23:35.410495 [info ] [MainThread]: adapter type: bigquery
[0m15:23:35.410495 [info ] [MainThread]: adapter version: 1.12.1
[0m15:23:35.481484 [info ] [MainThread]: Configuration:
[0m15:23:35.481484 [info ] [MainThread]:   profiles.yml file [[32mOK found and valid[0m]
[0m15:23:35.481484 [info ] [MainThread]:   dbt_project.yml file [[32mOK found and valid[0m]
[0m15:23:35.481484 [info ] [MainThread]: Required dependencies:
[0m15:23:35.481484 [debug] [MainThread]: Executing "git --help"
[0m15:23:35.516096 [debug] [MainThread]: STDOUT: "b"usage: git [-v | --version] [-h | --help] [-C <path>] [-c <name>=<value>]\n           [--exec-path[=<path>]] [--html-path] [--man-path] [--info-path]\n           [-p | --paginate | -P | --no-pager] [--no-replace-objects] [--no-lazy-fetch]\n           [--no-optional-locks] [--no-advice] [--bare] [--git-dir=<path>]\n           [--work-tree=<path>] [--namespace=<name>] [--config-env=<name>=<envvar>]\n           <command> [<args>]\n\nThese are common Git commands used in various situations:\n\nstart a working area (see also: git help tutorial)\n   clone      Clone a repository into a new directory\n   init       Create an empty Git repository or reinitialize an existing one\n\nwork on the current change (see also: git help everyday)\n   add        Add file contents to the index\n   mv         Move or rename a file, a directory, or a symlink\n   restore    Restore working tree files\n   rm         Remove files from the working tree and from the index\n\nexamine the history and state (see also: git help revisions)\n   bisect     Use binary search to find the commit that introduced a bug\n   diff       Show changes between commits, commit and working tree, etc\n   grep       Print lines matching a pattern\n   log        Show commit logs\n   show       Show various types of objects\n   status     Show the working tree status\n\ngrow, mark and tweak your common history\n   backfill   Download missing objects in a partial clone\n   branch     List, create, or delete branches\n   commit     Record changes to the repository\n   history    EXPERIMENTAL: Rewrite history\n   merge      Join two or more development histories together\n   rebase     Reapply commits on top of another base tip\n   reset      Set `HEAD` or the index to a known state\n   switch     Switch branches\n   tag        Create, list, delete or verify tags\n\ncollaborate (see also: git help workflows)\n   fetch      Download objects and refs from another repository\n   pull       Fetch from and integrate with another repository or a local branch\n   push       Update remote refs along with associated objects\n\n'git help -a' and 'git help -g' list available subcommands and some\nconcept guides. See 'git help <command>' or 'git help <concept>'\nto read about a specific subcommand or concept.\nSee 'git help git' for an overview of the system.\n""
[0m15:23:35.516096 [debug] [MainThread]: STDERR: "b''"
[0m15:23:35.516096 [info ] [MainThread]:  - git [[32mOK found[0m]

[0m15:23:35.516096 [info ] [MainThread]: Connection:
[0m15:23:35.516096 [info ] [MainThread]:   method: service-account
[0m15:23:35.516096 [info ] [MainThread]:   database: engenharia-dados-portfolio
[0m15:23:35.524597 [info ] [MainThread]:   execution_project: engenharia-dados-portfolio
[0m15:23:35.524597 [info ] [MainThread]:   schema: analytics
[0m15:23:35.524597 [info ] [MainThread]:   location: US
[0m15:23:35.525702 [info ] [MainThread]:   priority: interactive
[0m15:23:35.525702 [info ] [MainThread]:   maximum_bytes_billed: None
[0m15:23:35.525702 [info ] [MainThread]:   reservation: None
[0m15:23:35.525702 [info ] [MainThread]:   impersonate_service_account: None
[0m15:23:35.526655 [info ] [MainThread]:   job_retry_deadline_seconds: None
[0m15:23:35.526655 [info ] [MainThread]:   job_retries: 1
[0m15:23:35.526655 [info ] [MainThread]:   job_creation_timeout_seconds: None
[0m15:23:35.526655 [info ] [MainThread]:   job_execution_timeout_seconds: 300
[0m15:23:35.527655 [info ] [MainThread]:   job_link_info_level_log: False
[0m15:23:35.527655 [info ] [MainThread]:   timeout_seconds: 300
[0m15:23:35.527655 [info ] [MainThread]:   client_id: None
[0m15:23:35.527655 [info ] [MainThread]:   token_uri: None
[0m15:23:35.527655 [info ] [MainThread]:   compute_region: None
[0m15:23:35.528654 [info ] [MainThread]:   dataproc_cluster_name: None
[0m15:23:35.528654 [info ] [MainThread]:   gcs_bucket: None
[0m15:23:35.528654 [info ] [MainThread]:   dataproc_batch: None
[0m15:23:35.529656 [info ] [MainThread]: Registered adapter: bigquery=1.12.1
[0m15:23:35.809621 [debug] [MainThread]: Acquiring new bigquery connection 'debug'
[0m15:23:35.809621 [debug] [MainThread]: On debug: select 1 as id
[0m15:23:35.809621 [debug] [MainThread]: Opening a new connection, currently in state init
[0m15:23:35.809621 [debug] [MainThread]: BigQuery adapter: Got an error when attempting to create a bigquery " "client: '[Errno 2] No such file or directory: 'chave_gcp.json''
[0m15:23:35.809621 [debug] [MainThread]: BigQuery adapter: Unhandled error while running:
select 1 as id
[0m15:23:35.809621 [debug] [MainThread]: BigQuery adapter: Database Error
  [Errno 2] No such file or directory: 'chave_gcp.json'
[0m15:23:35.809621 [info ] [MainThread]:   Connection test: [[31mERROR[0m]

[0m15:23:35.809621 [info ] [MainThread]: [31m1 check failed:[0m
[0m15:23:35.809621 [info ] [MainThread]: dbt was unable to connect to the specified database.
The database returned the following error:

  >'NoneType' object has no attribute 'close'

Check your database credentials and try again. For more information, visit:
https://docs.getdbt.com/docs/configure-your-profile


[0m15:23:35.809621 [info ] [MainThread]: Your new dbt project "dbt_analytics" was created!
Initialized new project in C:\Users\Alienware\projeto-engenharia-dados\dbt_analytics\dbt_analytics

For more information on how to configure the profiles.yml file,
please consult the dbt documentation here:

  https://docs.getdbt.com/docs/configure-your-profile

One more thing:

Need help? Don't hesitate to reach out to us via GitHub issues or on Slack:

  https://community.getdbt.com/

Happy modeling!

[0m15:23:35.809621 [info ] [MainThread]: [31mYour profile may need adjustments. You can find the logs of `dbt debug` above[0m
[0m15:23:35.814657 [debug] [MainThread]: Command `dbt init` succeeded at 15:23:35.814657 after 123.50 seconds
[0m15:23:35.814657 [debug] [MainThread]: Sending event: {'category': 'dbt', 'action': 'invocation', 'label': 'end', 'context': [<snowplow_tracker.self_describing_json.SelfDescribingJson object at 0x000001E9A2B05A90>, <snowplow_tracker.self_describing_json.SelfDescribingJson object at 0x000001E9A45E88F0>, <snowplow_tracker.self_describing_json.SelfDescribingJson object at 0x000001E9BEB09760>]}
[0m15:23:35.814657 [debug] [MainThread]: Flushing usage events
[0m15:23:36.573538 [debug] [MainThread]: An error was encountered while trying to flush usage events
